Total Nodes in DAG: 0
 -> Agent coder_agent_01 knows how to solve 'Write a python script' with score 0.95
